Last login: Sat Jan 22 19:56:14 on ttys000
shaunsmerling@Shauns-iMac ~ % cd desktop
shaunsmerling@Shauns-iMac desktop % mkdir newFile
shaunsmerling@Shauns-iMac desktop % cd newFile
shaunsmerling@Shauns-iMac newFile % code .
zsh: command not found: code
shaunsmerling@Shauns-iMac newFile % open .
shaunsmerling@Shauns-iMac newFile % code .
zsh: command not found: code
shaunsmerling@Shauns-iMac newFile % clear














shaunsmerling@Shauns-iMac newFile % cd ../
shaunsmerling@Shauns-iMac desktop % mkdir my-chainshot-folder
shaunsmerling@Shauns-iMac desktop % cd my-chainshot-folder
shaunsmerling@Shauns-iMac my-chainshot-folder % git clone git@github.com:ChainShot/ChainShotDevSetup.git
Cloning into 'ChainShotDevSetup'...
The authenticity of host 'github.com (192.30.255.113)' can't be established.
ED25519 key fingerprint is SHA256:+DiY3wvvV6TuJJhbpZisF/zLDA0zPMSvHdkr4UvCOqU.
This key is not known by any other names
Are you sure you want to continue connecting (yes/no/[fingerprint])? yes
Warning: Permanently added 'github.com' (ED25519) to the list of known hosts.
git@github.com: Permission denied (publickey).
fatal: Could not read from remote repository.

Please make sure you have the correct access rights
and the repository exists.
shaunsmerling@Shauns-iMac my-chainshot-folder % git clone https://github.com/ChainShot/ChainShotDevSetup.git
Cloning into 'ChainShotDevSetup'...
remote: Enumerating objects: 11, done.
remote: Counting objects: 100% (11/11), done.
remote: Compressing objects: 100% (11/11), done.
remote: Total 11 (delta 1), reused 4 (delta 0), pack-reused 0
Receiving objects: 100% (11/11), done.
Resolving deltas: 100% (1/1), done.
shaunsmerling@Shauns-iMac my-chainshot-folder % ls
ChainShotDevSetup
shaunsmerling@Shauns-iMac my-chainshot-folder % cd ChainShotDevSetup
shaunsmerling@Shauns-iMac ChainShotDevSetup % ls
LICENSE				verifyNodeInstallation.js
README.md
shaunsmerling@Shauns-iMac ChainShotDevSetup % node verifyNodeInstallation.js

 ________________________________________
< Mooooo, you did it - you successfully git cloned a Github repository and used Node.js to run a script! >
 ----------------------------------------
        \   ^__^
         \  (oo)\_______
            (__)\       )\/\
                ||----w |
                ||     ||

Great job installing Git and Node.js!
Now you can move on to Task 5! :)
shaunsmerling@Shauns-iMac ChainShotDevSetup % cd ../
shaunsmerling@Shauns-iMac my-chainshot-folder % git remote add my-fork git@github.com:shaunsmerling/ChainShotDevSetup.git
shaunsmerling@Shauns-iMac my-chainshot-folder % ls
ChainShotDevSetup
shaunsmerling@Shauns-iMac my-chainshot-folder % ChainShotDevSetup
zsh: command not found: ChainShotDevSetup
shaunsmerling@Shauns-iMac my-chainshot-folder % cd ChainShotDevSetup
shaunsmerling@Shauns-iMac ChainShotDevSetup % ls
LICENSE				verifyNodeInstallation.js
README.md
shaunsmerling@Shauns-iMac ChainShotDevSetup % cd ../
shaunsmerling@Shauns-iMac my-chainshot-folder % git remote add my-fork git@github.com:shaunsmerling/ChainShotDevSetup.git
error: remote my-fork already exists.
shaunsmerling@Shauns-iMac my-chainshot-folder % git remove -v
git: 'remove' is not a git command. See 'git --help'.

The most similar command is
	remote
shaunsmerling@Shauns-iMac my-chainshot-folder % git remote -v
my-fork	git@github.com:shaunsmerling/ChainShotDevSetup.git (fetch)
my-fork	git@github.com:shaunsmerling/ChainShotDevSetup.git (push)
shaunsmerling@Shauns-iMac my-chainshot-folder % touch YOUR-NAME.js
shaunsmerling@Shauns-iMac my-chainshot-folder % nano YOUR-NAME.js

  GNU nano 2.0.6             File: YOUR-NAME.js                       Modified  

var num = 5                 

if (num > 5) {
return "We have a winner";
}















^G Get Help  ^O WriteOut  ^R Read File ^Y Prev Page ^K Cut Text  ^C Cur Pos
^X Exit      ^J Justify   ^W Where Is  ^V Next Page ^U UnCut Text^T To Spell
